 * Running on http://127.0.0.1:5000/ (Press CTRL+C to quit)
127.0.0.1 - - [04/Jan/2021 01:06:41] "[37mGET / HTTP/1.1[0m" 200 -
127.0.0.1 - - [04/Jan/2021 01:07:23] "[35m[1mPOST / HTTP/1.1[0m" 500 -
127.0.0.1 - - [04/Jan/2021 01:07:57] "[35m[1mPOST / HTTP/1.1[0m" 500 -
 * Running on http://127.0.0.1:5000/ (Press CTRL+C to quit)
127.0.0.1 - - [04/Jan/2021 01:09:14] "[37mGET / HTTP/1.1[0m" 200 -
Here's some info
127.0.0.1 - - [04/Jan/2021 01:09:31] "[37mPOST / HTTP/1.1[0m" 200 -
 * Running on http://127.0.0.1:5000/ (Press CTRL+C to quit)
127.0.0.1 - - [04/Jan/2021 01:12:28] "[37mGET / HTTP/1.1[0m" 200 -
Recaptcha failed.
127.0.0.1 - - [04/Jan/2021 01:12:40] "[37mPOST / HTTP/1.1[0m" 200 -
Converting arquivo de teste
127.0.0.1 - - [04/Jan/2021 01:13:16] "[37mPOST / HTTP/1.1[0m" 200 -
 * Running on http://127.0.0.1:5000/ (Press CTRL+C to quit)
127.0.0.1 - - [04/Jan/2021 08:09:43] "[37mGET / HTTP/1.1[0m" 200 -
Recaptcha failed.
127.0.0.1 - - [04/Jan/2021 08:09:53] "[37mPOST / HTTP/1.1[0m" 200 -
 * Running on http://127.0.0.1:5000/ (Press CTRL+C to quit)
127.0.0.1 - - [04/Jan/2021 09:05:41] "[37mGET / HTTP/1.1[0m" 200 -
127.0.0.1 - - [04/Jan/2021 09:05:53] "[31m[1mPOST / HTTP/1.1[0m" 405 -
127.0.0.1 - - [04/Jan/2021 09:05:53] "[31m[1mPOST / HTTP/1.1[0m" 405 -
127.0.0.1 - - [04/Jan/2021 09:05:53] "[31m[1mPOST / HTTP/1.1[0m" 405 -
 * Running on http://127.0.0.1:5000/ (Press CTRL+C to quit)
127.0.0.1 - - [04/Jan/2021 09:07:30] "[37mGET / HTTP/1.1[0m" 200 -
127.0.0.1 - - [04/Jan/2021 09:07:40] "[31m[1mPOST / HTTP/1.1[0m" 405 -
127.0.0.1 - - [04/Jan/2021 09:07:40] "[31m[1mPOST / HTTP/1.1[0m" 405 -
 * Running on http://127.0.0.1:5000/ (Press CTRL+C to quit)
127.0.0.1 - - [04/Jan/2021 09:09:31] "[37mGET / HTTP/1.1[0m" 200 -
Recaptcha failed.
127.0.0.1 - - [04/Jan/2021 09:09:44] "[37mPOST / HTTP/1.1[0m" 200 -
Converting wav file:arquivo de teste
127.0.0.1 - - [04/Jan/2021 09:10:00] "[37mPOST / HTTP/1.1[0m" 200 -
 * Running on https://127.0.0.1:5000/ (Press CTRL+C to quit)
 * Running on https://127.0.0.1:5000/ (Press CTRL+C to quit)
 * Running on http://127.0.0.1:5000/ (Press CTRL+C to quit)
 * Running on http://127.0.0.1:5000/ (Press CTRL+C to quit)
127.0.0.1 - - [04/Jan/2021 09:40:32] "[37mGET / HTTP/1.1[0m" 200 -
 * Running on https://127.0.0.1:5000/ (Press CTRL+C to quit)
 * Running on http://127.0.0.1:5000/ (Press CTRL+C to quit)
127.0.0.1 - - [04/Jan/2021 09:45:55] "[37mGET / HTTP/1.1[0m" 200 -
127.0.0.1 - - [04/Jan/2021 09:45:55] "[37mGET / HTTP/1.1[0m" 200 -
 * Running on http://127.0.0.1:5000/ (Press CTRL+C to quit)
127.0.0.1 - - [04/Jan/2021 09:50:00] code 400, message Bad request version ('\x8a\x8a\x13\x01\x13\x02\x13\x03À+À/À,À0Ì©Ì¨À\x13À\x14\x00\x9c\x00\x9d\x00/\x005\x01\x00\x01\x93êê\x00\x00\x00\x17\x00\x00ÿ\x01\x00\x01\x00\x00')
127.0.0.1 - - [04/Jan/2021 09:50:00] code 400, message Bad HTTP/0.9 request type ('\x16\x03\x01\x02\x00\x01\x00\x01ü\x03\x03ÅkW\x87\x91\x0f)ÿT)öí\x81\x82\x8b¢\x05¢Dyg÷hðC,æ¯0°Ñü')
127.0.0.1 - - [04/Jan/2021 09:50:01] code 400, message Bad request version ('=\x1aªÂÉÎz\x1a\x04\x83ì¹>yWâóîÅk\x7fE²Ô\x00"ªª\x13\x01\x13\x02\x13\x03À+À/À,À0Ì©Ì¨À\x13À\x14\x00\x9c\x00\x9d\x00/\x005\x00')
127.0.0.1 - - [04/Jan/2021 09:50:01] code 400, message Bad request version ('\x00"ÚÚ\x13\x01\x13\x02\x13\x03À+À/À,À0Ì©Ì¨À\x13À\x14\x00\x9c\x00\x9d\x00/\x005\x00')
127.0.0.1 - - [04/Jan/2021 09:50:03] code 400, message Bad request syntax ('\x16\x03\x01\x02\x00\x01\x00\x01ü\x03\x033ùñô\x02kµ¡W%t\x1b\x969i~')
127.0.0.1 - - [04/Jan/2021 09:50:03] code 400, message Bad request version ('ÚÚ\x13\x01\x13\x02\x13\x03À+À/À,À0Ì©Ì¨À\x13À\x14\x00\x9c\x00\x9d\x00/\x005\x01\x00\x01\x93jj\x00\x00\x00\x17\x00\x00ÿ\x01\x00\x01\x00\x00')
127.0.0.1 - - [04/Jan/2021 09:50:03] code 400, message Bad request version ('e}Ò\x83?ú\x9aÚ\x00"ZZ\x13\x01\x13\x02\x13\x03À+À/À,À0Ì©Ì¨À\x13À\x14\x00\x9c\x00\x9d\x00/\x005\x00')
127.0.0.1 - - [04/Jan/2021 09:50:04] code 400, message Bad request version ('\x10\x0fÂZ.\x9e\xad;C$¢Þ¥\x95ìù\x1bP@k®\x00"JJ\x13\x01\x13\x02\x13\x03À+À/À,À0Ì©Ì¨À\x13À\x14\x00\x9c\x00\x9d\x00/\x005\x00')
127.0.0.1 - - [04/Jan/2021 09:50:06] code 400, message Bad request syntax ('\x16\x03\x01\x02\x00\x01\x00\x01ü\x03\x03')
127.0.0.1 - - [04/Jan/2021 09:50:06] "[35m[1m  ü[0m" HTTPStatus.BAD_REQUEST -
127.0.0.1 - - [04/Jan/2021 09:50:06] code 400, message Bad request syntax ('\x16\x03\x01\x02\x00\x01\x00\x01ü\x03\x03è½Á¢\x82\x91\x84\x8a¤äa\x98\x15KPº')
127.0.0.1 - - [04/Jan/2021 09:50:06] code 400, message Bad request version ('ãêU>Z\x10E\x08CàÙ\x93ñ\x9eLÞÕ\x9by\x9c\x8b\x8d?`S\x00"::\x13\x01\x13\x02\x13\x03À+À/À,À0Ì©Ì¨À\x13À\x14\x00\x9c\x00\x9d\x00/\x005\x00')
127.0.0.1 - - [04/Jan/2021 09:50:07] code 400, message Bad request version ('\x15\x13iM\x01\x123}\x9dí^ZØ\x8b7Ä¾\x01¨%ôý«c6´àZ¨\x8f¯Ö\x00"\x9a\x9a\x13\x01\x13\x02\x13\x03À+À/À,À0Ì©Ì¨À\x13À\x14\x00\x9c\x00\x9d\x00/\x005\x00')
127.0.0.1 - - [04/Jan/2021 09:51:35] code 400, message Bad request syntax ('\x16\x03\x01\x02\x00\x01\x00\x01ü\x03\x03,t+¾Ì\x97½9jßÇ\x96Íø6|\x1a\x12ÔÀ')
127.0.0.1 - - [04/Jan/2021 09:51:35] code 400, message Bad HTTP/0.9 request type ("\x16\x03\x01\x02\x00\x01\x00\x01ü\x03\x03ly\x19¼ÿ\x9ez\x81\x81\x13Ò\x95\x9fy\x8c'\x99é")
127.0.0.1 - - [04/Jan/2021 09:51:36] code 400, message Bad request version ('\x81³p\x00"zz\x13\x01\x13\x02\x13\x03À+À/À,À0Ì©Ì¨À\x13À\x14\x00\x9c\x00\x9d\x00/\x005\x00')
127.0.0.1 - - [04/Jan/2021 09:51:36] code 400, message Bad request version ('\x17òÌs\x8a\x92í}É.\x8b\x9fNÇa*\x94}Ê\x00"ÚÚ\x13\x01\x13\x02\x13\x03À+À/À,À0Ì©Ì¨À\x13À\x14\x00\x9c\x00\x9d\x00/\x005\x00')
127.0.0.1 - - [04/Jan/2021 09:51:59] code 400, message Bad HTTP/0.9 request type ('\x16\x03\x01\x02\x00\x01\x00\x01ü\x03\x03òF\x04-¸~×')
127.0.0.1 - - [04/Jan/2021 09:51:59] code 400, message Bad request version ('**\x13\x01\x13\x02\x13\x03À+À/À,À0Ì©Ì¨À\x13À\x14\x00\x9c\x00\x9d\x00/\x005\x01\x00\x01\x93JJ\x00\x00\x00\x17\x00\x00ÿ\x01\x00\x01\x00\x00')
127.0.0.1 - - [04/Jan/2021 09:51:59] code 400, message Bad HTTP/0.9 request type ('\x16\x03\x01\x02\x00\x01\x00\x01ü\x03\x034áß\x9f-Þ\x19£»gÑ\x82ÿH·Ü(\x87\x89N')
127.0.0.1 - - [04/Jan/2021 09:51:59] code 400, message Bad request version ('Òû')
 * Detected change in 'C:\\Users\\maria_000\\Desktop\\TFC_Final_Version\\TFC---2s-2020\\TFC---2s-2020\\app.py', reloading
 * Restarting with stat
127.0.0.1 - - [04/Jan/2021 09:53:45] "[37mGET / HTTP/1.1[0m" 200 -
127.0.0.1 - - [04/Jan/2021 09:53:49] "[37mGET /static/css/style.css HTTP/1.1[0m" 200 -
127.0.0.1 - - [04/Jan/2021 09:53:49] "[37mGET / HTTP/1.1[0m" 200 -
127.0.0.1 - - [04/Jan/2021 09:53:52] "[37mGET /static/logo_unicamp.png HTTP/1.1[0m" 200 -
127.0.0.1 - - [04/Jan/2021 09:53:53] "[37mGET /static/logo_feec.png HTTP/1.1[0m" 200 -
127.0.0.1 - - [04/Jan/2021 09:53:56] "[33mGET /favicon.ico HTTP/1.1[0m" 404 -
127.0.0.1 - - [04/Jan/2021 09:54:54] "[37mGET / HTTP/1.1[0m" 200 -
Converting wav file:arquivo de teste
127.0.0.1 - - [04/Jan/2021 09:55:16] "[37mPOST / HTTP/1.1[0m" 200 -
127.0.0.1 - - [04/Jan/2021 09:55:18] "[37mGET / HTTP/1.1[0m" 200 -
Recaptcha failed.
127.0.0.1 - - [04/Jan/2021 09:55:26] "[37mPOST / HTTP/1.1[0m" 200 -
 * Detected change in 'C:\\Users\\maria_000\\Desktop\\TFC_Final_Version\\TFC---2s-2020\\TFC---2s-2020\\app.py', reloading
 * Restarting with stat
 * Restarting with stat
 * Debugger is active!
 * Debugger PIN: 303-261-645
 * Running on https://127.0.0.1:500/ (Press CTRL+C to quit)
 * Restarting with stat
 * Debugger is active!
 * Debugger PIN: 303-261-645
 * Running on https://127.0.0.1:5000/ (Press CTRL+C to quit)
 * Restarting with stat
 * Debugger is active!
 * Debugger PIN: 303-261-645
 * Running on http://127.0.0.1:5000/ (Press CTRL+C to quit)
127.0.0.1 - - [04/Jan/2021 10:17:42] "[37mGET / HTTP/1.1[0m" 200 -
127.0.0.1 - - [04/Jan/2021 10:22:22] "[37mGET / HTTP/1.1[0m" 200 -
127.0.0.1 - - [04/Jan/2021 10:22:28] "[37mGET / HTTP/1.1[0m" 200 -
 * Restarting with stat
 * Debugger is active!
 * Debugger PIN: 303-261-645
 * Running on http://127.0.0.1:5000/ (Press CTRL+C to quit)
127.0.0.1 - - [04/Jan/2021 10:27:01] "[37mGET / HTTP/1.1[0m" 200 -
 * Restarting with stat
 * Debugger is active!
 * Debugger PIN: 303-261-645
 * Running on https://127.0.0.1:5000/ (Press CTRL+C to quit)
 * Detected change in 'C:\\Users\\maria_000\\Desktop\\TFC_Final_Version\\TFC---2s-2020\\TFC---2s-2020\\app.py', reloading
 * Restarting with stat
 * Debugger is active!
 * Debugger PIN: 303-261-645
 * Running on https://127.0.0.1:5000/ (Press CTRL+C to quit)
127.0.0.1 - - [04/Jan/2021 10:35:06] "[37mGET / HTTP/1.1[0m" 200 -
127.0.0.1 - - [04/Jan/2021 10:35:06] "[37mGET /static/css/style.css HTTP/1.1[0m" 200 -
127.0.0.1 - - [04/Jan/2021 10:35:06] "[37mGET /static/logo_unicamp.png HTTP/1.1[0m" 200 -
127.0.0.1 - - [04/Jan/2021 10:35:06] "[37mGET /static/logo_feec.png HTTP/1.1[0m" 200 -
127.0.0.1 - - [04/Jan/2021 10:35:07] "[33mGET /favicon.ico HTTP/1.1[0m" 404 -
127.0.0.1 - - [04/Jan/2021 10:35:14] "[37mGET / HTTP/1.1[0m" 200 -
 * Detected change in 'C:\\Users\\maria_000\\Desktop\\TFC_Final_Version\\TFC---2s-2020\\TFC---2s-2020\\app.py', reloading
 * Restarting with stat
